[snook.ca/index.html]
[backblue.gif]
[fade.gif]
[index.html]
[snook.ca/posts/index.rss]
[snook.ca/css/MuseoSans_500-webfont.woff]
[snook.ca/img/bg.png]
[snook.ca/img/swash.svg]
[snook.ca/img/comment.svg]
[snook.ca/img/code-bookmark.svg]
[snook.ca/img/snook-bookmark.svg]
[snook.ca/img/star.svg]
[snook.ca/img/line-v.png]
[snook.ca/img/line.png]
[snook.ca/img/comment-bookmark.svg]
[snook.ca/img/comment-snook.png]
[snook.ca/img/PolySnook.svgo.svg]
[snook.ca/css/snook-v10-print.css]
[snook.ca/archives/personal/waited.html]
[snook.ca/archives/personal/wait.html]
[snook.ca/archives/personal/uncanny.html]
[snook.ca/archives/other/thats-pretty-clever.html]
[snook.ca/archives/rss/reply-via-email.html]
[snook.ca/about/index.html]
[snook.ca/archives/design/an-exploration-of-flavour.html]
[snook.ca/archives/html_and_css/overlapping-header-with-css-grid.html]
[snook.ca/archives/conferences/fancy-zoom-calls.html]
[snook.ca/index.html]
[snook.ca/css/MuseoSans_500-webfont.html]
[snook.ca/css/playfair.html]
[snook.ca/img/swash.svg]
[snook.ca/img/comment.svg]
[snook.ca/img/code-bookmark.svg]
[snook.ca/img/snook-bookmark.svg]
[snook.ca/img/star.svg]
[snook.ca/img/comment-bookmark.svg]
[snook.ca/img/PolySnook.svgo.svg]
[snook.ca/css/snook-v10-print.css]
[snook.ca/contact/index.html]
[snook.ca/archives/index.html]
[snook.ca/about/index.html]
[snook.ca/contact/index.html]
[snook.ca/speaking.html]
[snook.ca/archives/html_and_css/button-button-link.html]
[snook.ca/archives/food/kjolle.html]
[snook.ca/archives/html_and_css/playing-with-css-grid.html]
[snook.ca/archives/other/consuming-to-produce.html]
[snook.ca/archives/personal/travelling-man.html]
[snook.ca/archives/food/year-of-restaurants.html]
[snook.ca/archives/html_and_css/leggo-my-analogy.html]
[snook.ca/archives/javascript/difficulty-with-react.html]
[snook.ca/archives/html_and_css/understanding-the-flexbox-albatross.html]
[snook.ca/archives/other/coming-home.html]
[snook.ca/archives/servers/deploying-11ty-to-gh-pages.html]
[snook.ca/archives/food/le-pigeon-portland.html]
[snook.ca/archives/food/50-50-2018.html]
[snook.ca/archives/food/pujol.html]
[snook.ca/archives/food/quintonil.html]
[snook.ca/archives/food/relae.html]
[snook.ca/archives/food/geranium.html]
[snook.ca/archives/personal/lost-in-a-moment.html]
[snook.ca/archives/personal/go_abstract.html]
[snook.ca/archives/personal/uneasy.html]
[snook.ca/archives/design/codification-of-design.html]
[snook.ca/archives/food/little-bird-portland.html]
[snook.ca/archives/food/petit-trois-la.html]
[snook.ca/archives/food/majordomo-la.html]
[snook.ca/archives/food/mastro-steakhouse-la.html]
[snook.ca/archives/food/felix-la.html]
[snook.ca/archives/food/alinea.html]
[snook.ca/archives/food/nyc-food-adventures.html]
[snook.ca/archives/food/rating-restaurants.html]
[snook.ca/archives/food/fifty-before-fifty.html]
[snook.ca/archives/javascript/normalize-bootstrap-carousel-heights.html]
[snook.ca/archives/photography/photo-nypl.html]
[snook.ca/archives/html_and_css/icon-wrap-after-text.html]
[snook.ca/archives/opinion/view-source.html]
[snook.ca/archives/design/prototypes-steve-jobs.html]
[snook.ca/archives/html_and_css/cjk-font-stack-notes.html]
[snook.ca/archives/personal/that-time-la.html]
[snook.ca/archives/photography/streets-of-sf.html]
[snook.ca/archives/html_and_css/animating-progress.html]
[snook.ca/archives/personal/five-michelin-starred-restaurants.html]
[snook.ca/archives/food/five-michelin-starred-restaurants.html]
[snook.ca/archives/photography/budapest-in-spring.html]
[snook.ca/archives/personal/rattled.html]
[snook.ca/archives/personal/one-change-changes-everything.html]
[snook.ca/archives/photography/stairs.html]
[snook.ca/archives/html_and_css/safari-display-contents-bug.html]
[snook.ca/archives/html_and_css/open-graph-and-sharing-tags.html]
[snook.ca/archives/personal/not-so-reflective.html]
[snook.ca/archives/photography/lone-house.html]
[snook.ca/archives/photography/hemingway-office.html]
[snook.ca/archives/opinion/curation.html]
[snook.ca/archives/html_and_css/calendar-css-grid.html]
[snook.ca/archives/conferences/quiet-time.html]
[snook.ca/archives/home_automation/smart-home.html]
[snook.ca/archives/other/photos-lightroom-mobile.html]
[snook.ca/archives/html_and_css/container-grids.html]
[snook.ca/archives/html_and_css/template-technology-agnosticism.html]
[snook.ca/archives/other/matias-wireless-keyboard.html]
[snook.ca/archives/personal/attempting-deeper-work.html]
[snook.ca/archives/html_and_css/css-concerns.html]
[snook.ca/archives/html_and_css/coding-css-for-context.html]
[snook.ca/archives/html_and_css/mixed-content-responsive-images.html]
[snook.ca/archives/other/on-platform-independence.html]
[snook.ca/archives/other/running-into-windows.html]
[snook.ca/archives/other/how-do-i-learn.html]
[snook.ca/archives/other/physical-web-beacons.html]
[snook.ca/archives/other/working-remotely.html]
[snook.ca/archives/html_and_css/will-web-components-change-css.html]
[snook.ca/archives/other/lunch-and-learn.html]
[snook.ca/archives/other/bad-manager.html]
[snook.ca/archives/html_and_css/avoid-overstyling-base-styles.html]
[snook.ca/archives/html_and_css/semantic-css.html]
[snook.ca/archives/html_and_css/component-design.html]
[snook.ca/archives/html_and_css/dealing-with-cascade-specificity.html]
[snook.ca/archives/html_and_css/all-or-nothing.html]
[snook.ca/archives/html_and_css/more-meaningful-css.html]
[snook.ca/archives/personal/whats-next.html]
[snook.ca/archives/html_and_css/educating-users-in-app.html]
[snook.ca/archives/opinion/make-the-right-things-easy.html]
[snook.ca/archives/html_and_css/are-you-single.html]
[snook.ca/archives/conferences/like-driving-a-car.html]
[snook.ca/archives/opinion/staffing-design-systems-team.html]
[snook.ca/archives/opinion/much-ado-about-twitter.html]
[snook.ca/archives/opinion/value-truly-rwd.html]
[snook.ca/archives/personal/aligning-values.html]
[snook.ca/archives/personal/japanese-kitkats.html]
[snook.ca/archives/html_and_css/will-change.html]
[snook.ca/archives/html_and_css/ugc-in-a-classy-world.html]
[snook.ca/archives/personal/reinvention.html]
[snook.ca/archives/javascript/css-in-javascript.html]
[snook.ca/archives/personal/pm-your-life.html]
[snook.ca/archives/personal/managing-my-finances.html]
[snook.ca/archives/design/design-doubt.html]
[snook.ca/archives/personal/spontaneity.html]
[snook.ca/archives/writing/smacss-rewrite-progress.html]
[snook.ca/archives/personal/habit-list.html]
[snook.ca/archives/html_and_css/simplest-css-slideshow.html]
[snook.ca/archives/javascript/simplest-javascript-slideshow.html]
[snook.ca/archives/personal/simplicity-and-comfort.html]
[snook.ca/archives/personal/movement.html]
[snook.ca/archives/other/just-one-cable.html]
[snook.ca/archives/snooks_book_nook/review-patterns-and-principles.html]
[snook.ca/archives/other/not-good-enough.html]
[snook.ca/archives/opinion/overnight-success.html]
[snook.ca/archives/personal/what-does-success-look-like.html]
[snook.ca/archives/personal/second-midlife-crisis.html]
[snook.ca/archives/design/truncation.html]
[snook.ca/archives/opinion/just-right-for-me.html]
[snook.ca/archives/writing/just-write-for-me.html]
[snook.ca/archives/html_and_css/icons-and-type.html]
[snook.ca/archives/review/moto360-pebble.html]
[snook.ca/archives/html_and_css/windows-subs-helvetica-arial.html]
[snook.ca/archives/other/ten-years-in-contrast.html]
[snook.ca/archives/other/my-custom-video-setup.html]
[snook.ca/archives/opinion/design-engineering.html]
[snook.ca/archives/html_and_css/specificity-graphs.html]
[snook.ca/archives/html_and_css/code-from-crust-to-core.html]
[snook.ca/archives/pm/cleaning-the-cruft.html]
[snook.ca/archives/pm/unmanaged.html]
[snook.ca/archives/pm/consistency.html]
[snook.ca/archives/html_and_css/rethinking-the-grid.html]
[snook.ca/archives/snooks_book_nook/book-review-making-it-right.html]
[snook.ca/archives/pm/saying-no.html]
[snook.ca/archives/pm/the-feature-guy.html]
[snook.ca/archives/pm/what-kind-of-product-manager.html]
[snook.ca/archives/pm/pm_learnings.html]
[snook.ca/archives/pm/pm-what-is-a-pm.html]
[snook.ca/archives/pm/pm-so-here-we-are.html]
[snook.ca/archives/javascript/more-simple-slideshow.html]
[snook.ca/archives/html_and_css/floated-label-pattern-css.html]
[snook.ca/archives/snooks_book_nook/book-review-content-everywhere.html]
[snook.ca/archives/personal/career-in-transition.html]
[snook.ca/archives/writing/selling-ebook-on-amazon.html]
[snook.ca/archives/html_and_css/previous-parent.html]
[snook.ca/archives/html_and_css/one-module-or-two.html]
[snook.ca/archives/html_and_css/handling-overflow.html]
[snook.ca/archives/business/payment-gateways.html]
[snook.ca/archives/conferences/smashingly-smacked.html]
[snook.ca/archives/conferences/dconstructed.html]
[snook.ca/archives/other/helping-hand.html]
[snook.ca/archives/html_and_css/project-detritus.html]
[snook.ca/archives/browsers/coffeeconsole.html]
[snook.ca/archives/html_and_css/definition-lists-v-tables.html]
[snook.ca/archives/javascript/going-simple-with-javascript.html]
[snook.ca/archives/html_and_css/prefixed-classes-bootstrap.html]
[snook.ca/archives/writing/ebook-notes.html]
[snook.ca/archives/html_and_css/naming-convention-in-css.html]
[snook.ca/archives/javascript/preparetransition-jquery-plugin.html]
[snook.ca/archives/personal/reflective.html]
[snook.ca/archives/writing/smacss-stats-and-gender.html]
[snook.ca/archives/design/meet-jack-the-lumberjack.html]
[snook.ca/archives/personal/of-bits-and-butterfly-effects.html]
[snook.ca/archives/conferences/fake-it.html]
[snook.ca/archives/personal/unsure.html]
[snook.ca/archives/conferences/css-takes-over-the-world.html]
[snook.ca/archives/html_and_css/css-architecture.html]
[snook.ca/archives/html_and_css/yellow-fade-technique-css-animations.html]
[snook.ca/archives/html_and_css/vm-vh-units.html]
[snook.ca/archives/html_and_css/ie8-bug-max-width-overflow.html]
[snook.ca/archives/html_and_css/css3-animation-proposal.html]
[snook.ca/archives/html_and_css/font-size-with-rem.html]
[snook.ca/archives/html_and_css/absolute-position-textarea.html]
[snook.ca/archives/accessibility_and_usability/keyboard-accessibility-for-web-apps.html]
[snook.ca/archives/conferences/web-design-master-class.html]
[snook.ca/archives/snooks_book_nook/elements-of-content-strategy.html]
[snook.ca/archives/html_and_css/hiding-content-for-accessibility.html]
[snook.ca/archives/other/word-of-vim.html]
[snook.ca/archives/opinion/assumptive-development.html]
[snook.ca/archives/opinion/amazon-ses-launches.html]
[snook.ca/archives/other/vmware-fusion-snapshots.html]
[snook.ca/archives/html_and_css/fieldset-nested-list-item-bug.html]
[snook.ca/archives/snooks_book_nook/css3-for-web-designers.html]
[snook.ca/archives/other/following-you.html]
[snook.ca/archives/html_and_css/css-parent-selectors.html]
[snook.ca/archives/review/ipad-bluetooth-keyboard.html]
[snook.ca/archives/conferences/just-try-and-shut-me-up.html]
[snook.ca/archives/html_and_css/css-display-resets-scroll.html]
[snook.ca/archives/javascript/handling-active-state.html]
[snook.ca/archives/opinion/filling-in-the-gaps.html]
[snook.ca/archives/html_and_css/vendor-prefixes-competing.html]
[snook.ca/archives/html_and_css/font-face-in-chrome.html]
[snook.ca/archives/other/finishing-an-email.html]
[snook.ca/archives/other/hundred-pushups.html]
[snook.ca/archives/html_and_css/html5-forms-are-coming.html]
[snook.ca/archives/html_and_css/not-supported.html]
[snook.ca/archives/conferences/mix10-the-type-we-want.html]
[snook.ca/archives/html_and_css/background-position-x-y.html]
[snook.ca/archives/review/logo-design-love.html]
[snook.ca/archives/html_and_css/multiple-bg-css-gradients.html]
[snook.ca/archives/html_and_css/safari-transparent-borders.html]
[snook.ca/archives/personal/onward.html]
[snook.ca/archives/personal/failure.html]
[snook.ca/archives/javascript/simplest-jquery-slideshow.html]
[snook.ca/archives/review/bookarc.html]
[snook.ca/archives/review/fancy-form-design.html]
[snook.ca/archives/javascript/creative-use-bitwise-operators.html]
[snook.ca/archives/review/mobify.html]
[snook.ca/archives/personal/hooligan.html]
[snook.ca/archives/review/review-html-css-web-standards-solutions.html]
[snook.ca/archives/browsers/firefox-greader.html]
[snook.ca/archives/html_and_css/becoming-a-font-embedding-master.html]
[snook.ca/archives/html_and_css/screencast-converting-ttf2eot.html]
[snook.ca/archives/screencast/screencast-converting-ttf2eot.html]
[snook.ca/archives/design/minimal.html]
[snook.ca/archives/personal/less-of-me.html]
[snook.ca/archives/html_and_css/css-text-rotation.html]
[snook.ca/archives/adobe_air/html-flash-air.html]
[snook.ca/archives/opinion/adobe-html5-canvas.html]
[snook.ca/archives/design/snitter-icon-design.html]
[snook.ca/archives/browsers/elephant-in-the-room.html]
[snook.ca/archives/html_and_css/ie-position-fixed-opacity-filter.html]
[snook.ca/archives/html_and_css/shifting-opinion-css-animations.html]
[snook.ca/archives/javascript/multi-line-javascript.html]
[snook.ca/archives/javascript/no-love-for-module-pattern.html]
[snook.ca/archives/business/death-of-an-ad-network.html]
[snook.ca/archives/php/url-shortener.html]
[snook.ca/archives/opinion/supporting-old-browsers.html]
[snook.ca/archives/other/screencast-webkit-in-titanium.html]
[snook.ca/archives/screencast/screencast-webkit-in-titanium.html]
[snook.ca/archives/javascript/streamliner.html]
[snook.ca/archives/html_and_css/titanium.html]
[snook.ca/archives/opinion/twitter-autofollow.html]
[snook.ca/archives/other/colour-contrast-updated.html]
[snook.ca/archives/personal/being-square.html]
[snook.ca/archives/html_and_css/matrix-layouts.html]
[snook.ca/archives/javascript/yahoo-pipes-xml-json.html]
[snook.ca/archives/screencast/firebug-breakpoints.html]
[snook.ca/archives/javascript/firebug-breakpoints.html]
[snook.ca/archives/javascript/embed-twitter-status.html]
[snook.ca/archives/other/book-blog-blazers.html]
[snook.ca/archives/review/review-things-app.html]
[snook.ca/archives/design/screencast-fireworks-light-in-design.html]
[snook.ca/archives/screencast/screencast-fireworks-light-in-design.html]
[snook.ca/archives/design/blick-blocky-retro.html]
[snook.ca/archives/other/pardon-me.html]
[snook.ca/archives/personal/reflections.html]
[snook.ca/archives/design/slicing-photoshop-fireworks.html]
[snook.ca/archives/other/mail-vs-entourage.html]
[snook.ca/archives/html_and_css/ie6-alpha-pngs-vml.html]
[snook.ca/archives/html_and_css/ie-rounded.html]
[snook.ca/archives/business/sidebarads-expands.html]
[snook.ca/archives/review/charles-http-monitoring.html]
[snook.ca/archives/review/navicat-mac.html]
[snook.ca/archives/other/new-macbook-pro.html]
[snook.ca/archives/javascript/jquery-plugin-switcheroo.html]
[snook.ca/archives/conferences/sidebar-workshops.html]
[snook.ca/archives/javascript/jquery-bg-image-animations.html]
[snook.ca/archives/snooks_book_nook/review-cakephp-app-development.html]
[snook.ca/archives/html_and_css/tiling-background-ie.html]
[snook.ca/archives/opinion/web-dev-personal-projects.html]
[snook.ca/archives/opinion/shelf-life.html]
[snook.ca/archives/snooks_book_nook/practical_prototype_scriptaculous.html]
[snook.ca/archives/opinion/broken_promises.html]
[snook.ca/archives/review/w3_markup.html]
[snook.ca/archives/html_and_css/rounded_corners_experiment_ie.html]
[snook.ca/archives/opinion/dont_bring_me_down.html]
[snook.ca/archives/cakephp/multiple_validatable_behavior.html]
[snook.ca/archives/cakephp/contact_form_cakephp.html]
[snook.ca/archives/cakephp/multiple_validation_sets_cakephp.html]
[snook.ca/archives/cakephp/debug_styles.html]
[snook.ca/archives/cakephp/easier_static_pages_2.html]
[snook.ca/archives/opinion/twitter_survival.html]
[snook.ca/archives/opinion/hecklers.html]
[snook.ca/archives/conferences/atmedia08-wrapup.html]
[snook.ca/archives/cakephp/snogs.html]
[snook.ca/archives/business/sidebarads.html]
[snook.ca/archives/adobe_air/snape_basic.html]
[snook.ca/archives/business/socializing_freelancer.html]
[snook.ca/archives/business/freelance_devs_equals_poor_software.html]
[snook.ca/archives/other/pm_email.html]
[snook.ca/archives/html_and_css/no_css_reset.html]
[snook.ca/archives/adobe_air/adobe_air_resources_ajax.html]
[snook.ca/archives/javascript/typos_javascript.html]
[snook.ca/archives/php/header_called_once.html]
[snook.ca/archives/business/sidebar_creative_state.html]
[snook.ca/archives/snooks_book_nook/building_findable_websites.html]
[snook.ca/archives/html_and_css/content_overlay_css.html]
[snook.ca/archives/business/review_psd2html.html]
[snook.ca/archives/other/maintain_personal_brand.html]
[snook.ca/archives/conferences/live_chat_1.html]
[snook.ca/archives/adobe_air/snoto_photo.html]
[snook.ca/archives/adobe_air/snitter_air1.html]
[snook.ca/archives/javascript/settimeout_solve_domcontentloaded.html]
[snook.ca/archives/other/commandshift3.html]
[snook.ca/archives/other/effective_blog_comment_spam_blocker.html]
[snook.ca/archives/cakephp/static_pages_cakephp12.html]
[snook.ca/archives/conferences/wdn08_working_with_ajax_frameworks.html]
[snook.ca/archives/conferences/wdn08_recap.html]
[snook.ca/archives/servers/password_protect_admin.html]
[snook.ca/archives/snooks_book_nook/review_pro_html_css_design_patterns.html]
[snook.ca/archives/javascript/jquery_plugin.html]
[snook.ca/archives/browsers/importance_of_being_html5.html]
[snook.ca/archives/browsers/version_targeting_ie8.html]
[snook.ca/archives/writing/contributing_insideria.html]
[snook.ca/archives/javascript/xmlhttprequest_activex_ie.html]
[snook.ca/archives/other/gridiron_flow.html]
[snook.ca/archives/conferences/refresh_ottawa_finally.html]
[snook.ca/archives/personal/evaluating_2007.html]
[snook.ca/archives/personal/merry_christmas_2008.html]
[snook.ca/archives/browsers/ie8_expectations.html]
[snook.ca/archives/writing/24ways_adobe_air.html]
[snook.ca/archives/conferences/mixnmash2007.html]
[snook.ca/archives/conferences/wdn08_in_two_months.html]
[snook.ca/archives/opinion/web20_jumped_shark.html]
[snook.ca/archives/accessibility_and_usability/what_does_accessibility_mean.html]
[snook.ca/archives/design/design_inspiration.html]
[snook.ca/archives/other/next_date_excel.html]
[snook.ca/archives/adobe_air/international_keyboard_adobe_air_beta2.html]
[snook.ca/archives/javascript/css_animations_in_safari.html]
[snook.ca/archives/opinion/joy_of_application_development.html]
[snook.ca/archives/adobe_air/snitter_air_beta2.html]
[snook.ca/archives/conferences/speaking_at_fowd.html]
[snook.ca/archives/javascript/questions_ads.html]
[snook.ca/archives/javascript/accelerated_dom_scripting.html]
[snook.ca/archives/conferences/recap_wjs2007.html]
[snook.ca/archives/javascript/offsets_scrolling_overflow.html]
[snook.ca/archives/opinion/advocacy_losing_edge.html]
[snook.ca/archives/adobe_air/adobe_air_and_html.html]
[snook.ca/archives/adobe_air/snitter_alpha.html]
[snook.ca/archives/personal/snook_plus_one.html]
[snook.ca/archives/html_and_css/six_keys_to_understanding_css_layouts.html]
[snook.ca/archives/html_and_css/creating_page_break.html]
[snook.ca/archives/other/summer_update.html]
[snook.ca/archives/snooks_book_nook/review_web_development_solutions.html]
[snook.ca/archives/quick_links/quick_link_three_interviews.html]
[snook.ca/archives/php/zend_framework_first_impressions.html]
[snook.ca/archives/html_and_css/understanding_pseudo_elements.html]
[snook.ca/archives/other/track_comments_with_co_mments.html]
[snook.ca/archives/quick_links/google_feedburner_pro_free.html]
[snook.ca/archives/quick_links/quick_link_zend_framework_1_0.html]
[snook.ca/archives/quick_links/quick_link_math_object_short_scripts.html]
[snook.ca/archives/quick_links/quick_link_focus_clouds.html]
[snook.ca/archives/cakephp/elemental_conditional_content_with_cakephp.html]
[snook.ca/archives/quick_links/quick_link_google_universal_search.html]
[snook.ca/archives/quick_links/quick_link_ie6_memory_leaks_fixed.html]
[snook.ca/archives/quick_links/quick_link_pagination_101.html]
[snook.ca/archives/conferences/wjs2007.html]
[snook.ca/archives/javascript/private_javascript.html]
[snook.ca/archives/quick_links/quick_link_incremental_leading.html]
[snook.ca/archives/javascript/ie6_fires_onresize.html]
[snook.ca/archives/html_and_css/unicode_for_css_class_names.html]
[snook.ca/archives/browsers/why_safari_for_windows.html]
[snook.ca/archives/quick_links/quick_link_spiekermann_interview.html]
[snook.ca/archives/snooksurvey/to_link_or_not.html]
[snook.ca/archives/snooksurvey/element_attributes_recap.html]
[snook.ca/archives/content_management_systems/mt_4_beta_closerlook.html]
[snook.ca/archives/quick_links/mt_4_beta_released.html]
[snook.ca/archives/javascript/toggler_v01.html]
[snook.ca/archives/javascript/firebug_profiling_bug.html]
[snook.ca/archives/other/untapped_power_of_galleries.html]
[snook.ca/archives/personal/why_i_left_9rules.html]
[snook.ca/archives/opinion/telling_your_side.html]
[snook.ca/archives/snooksurvey/element_attributes_in_javascript.html]
[snook.ca/archives/conferences/want_to_be_a_speaker.html]
[snook.ca/archives/quick_links/quick_link_anonymous_functions.html]
[snook.ca/archives/design/v8_supercharger.html]
[snook.ca/archives/business/running_own_advertising.html]
[snook.ca/archives/javascript/managing_style_and_state.html]
[snook.ca/archives/business/tracking_project_profit.html]
[snook.ca/archives/index.html]
[snook.ca/archives/personal/waited.html]
[snook.ca/archives/personal/wait.html]
[snook.ca/archives/personal/uncanny.html]
[snook.ca/archives/other/thats-pretty-clever.html]
[snook.ca/archives/rss/reply-via-email.html]
[snook.ca/archives/design/an-exploration-of-flavour.html]
[snook.ca/archives/html_and_css/overlapping-header-with-css-grid.html]
[snook.ca/archives/conferences/fancy-zoom-calls.html]
[snook.ca/speaking.html]
[snook.ca/archives/html_and_css/button-button-link.html]
[snook.ca/archives/food/kjolle.html]
[snook.ca/archives/html_and_css/playing-with-css-grid.html]
[snook.ca/archives/other/consuming-to-produce.html]
[snook.ca/archives/personal/travelling-man.html]
[snook.ca/archives/food/year-of-restaurants.html]
[snook.ca/archives/html_and_css/leggo-my-analogy.html]
[snook.ca/archives/javascript/difficulty-with-react.html]
[snook.ca/archives/html_and_css/understanding-the-flexbox-albatross.html]
[snook.ca/archives/other/coming-home.html]
[snook.ca/archives/servers/deploying-11ty-to-gh-pages.html]
[snook.ca/archives/food/le-pigeon-portland.html]
[snook.ca/archives/food/50-50-2018.html]
[snook.ca/archives/food/pujol.html]
[snook.ca/archives/food/quintonil.html]
[snook.ca/archives/food/relae.html]
[snook.ca/archives/food/geranium.html]
[snook.ca/archives/personal/lost-in-a-moment.html]
[snook.ca/archives/personal/go_abstract.html]
[snook.ca/archives/personal/uneasy.html]
[snook.ca/archives/design/codification-of-design.html]
[snook.ca/archives/food/little-bird-portland.html]
[snook.ca/archives/food/petit-trois-la.html]
[snook.ca/archives/food/majordomo-la.html]
[snook.ca/archives/food/mastro-steakhouse-la.html]
[snook.ca/archives/food/felix-la.html]
[snook.ca/archives/food/alinea.html]
[snook.ca/archives/food/nyc-food-adventures.html]
[snook.ca/archives/food/rating-restaurants.html]
[snook.ca/archives/food/fifty-before-fifty.html]
[snook.ca/archives/javascript/normalize-bootstrap-carousel-heights.html]
[snook.ca/archives/photography/photo-nypl.html]
[snook.ca/archives/html_and_css/icon-wrap-after-text.html]
[snook.ca/archives/opinion/view-source.html]
[snook.ca/archives/design/prototypes-steve-jobs.html]
[snook.ca/archives/html_and_css/cjk-font-stack-notes.html]
[snook.ca/archives/personal/that-time-la.html]
[snook.ca/archives/photography/streets-of-sf.html]
[snook.ca/archives/html_and_css/animating-progress.html]
[snook.ca/archives/personal/five-michelin-starred-restaurants.html]
[snook.ca/archives/food/five-michelin-starred-restaurants.html]
[snook.ca/archives/photography/budapest-in-spring.html]
[snook.ca/archives/personal/rattled.html]
[snook.ca/archives/personal/one-change-changes-everything.html]
[snook.ca/archives/photography/stairs.html]
[snook.ca/archives/html_and_css/safari-display-contents-bug.html]
[snook.ca/archives/html_and_css/open-graph-and-sharing-tags.html]
[snook.ca/archives/personal/not-so-reflective.html]
[snook.ca/archives/photography/lone-house.html]
[snook.ca/archives/photography/hemingway-office.html]
[snook.ca/archives/opinion/curation.html]
[snook.ca/archives/html_and_css/calendar-css-grid.html]
[snook.ca/archives/conferences/quiet-time.html]
[snook.ca/archives/home_automation/smart-home.html]
[snook.ca/archives/other/photos-lightroom-mobile.html]
[snook.ca/archives/html_and_css/container-grids.html]
[snook.ca/archives/html_and_css/template-technology-agnosticism.html]
[snook.ca/archives/other/matias-wireless-keyboard.html]
[snook.ca/archives/personal/attempting-deeper-work.html]
[snook.ca/archives/html_and_css/css-concerns.html]
[snook.ca/archives/html_and_css/coding-css-for-context.html]
[snook.ca/archives/html_and_css/mixed-content-responsive-images.html]
[snook.ca/archives/other/on-platform-independence.html]
[snook.ca/archives/other/running-into-windows.html]
[snook.ca/archives/other/how-do-i-learn.html]
[snook.ca/archives/other/physical-web-beacons.html]
[snook.ca/archives/other/working-remotely.html]
[snook.ca/archives/html_and_css/will-web-components-change-css.html]
[snook.ca/archives/other/lunch-and-learn.html]
[snook.ca/archives/other/bad-manager.html]
[snook.ca/archives/html_and_css/avoid-overstyling-base-styles.html]
[snook.ca/archives/html_and_css/semantic-css.html]
[snook.ca/archives/html_and_css/component-design.html]
[snook.ca/archives/html_and_css/dealing-with-cascade-specificity.html]
[snook.ca/archives/html_and_css/all-or-nothing.html]
[snook.ca/archives/html_and_css/more-meaningful-css.html]
[snook.ca/archives/personal/whats-next.html]
[snook.ca/archives/html_and_css/educating-users-in-app.html]
[snook.ca/archives/opinion/make-the-right-things-easy.html]
[snook.ca/archives/html_and_css/are-you-single.html]
[snook.ca/archives/conferences/like-driving-a-car.html]
[snook.ca/archives/opinion/staffing-design-systems-team.html]
[snook.ca/archives/opinion/much-ado-about-twitter.html]
[snook.ca/archives/opinion/value-truly-rwd.html]
[snook.ca/archives/personal/aligning-values.html]
[snook.ca/archives/personal/japanese-kitkats.html]
[snook.ca/archives/html_and_css/will-change.html]
[snook.ca/archives/html_and_css/ugc-in-a-classy-world.html]
[snook.ca/archives/personal/reinvention.html]
[snook.ca/archives/javascript/css-in-javascript.html]
[snook.ca/archives/personal/pm-your-life.html]
[snook.ca/archives/personal/managing-my-finances.html]
[snook.ca/archives/design/design-doubt.html]
[snook.ca/archives/personal/spontaneity.html]
[snook.ca/archives/writing/smacss-rewrite-progress.html]
[snook.ca/archives/personal/habit-list.html]
[snook.ca/archives/html_and_css/simplest-css-slideshow.html]
[snook.ca/archives/javascript/simplest-javascript-slideshow.html]
[snook.ca/archives/personal/simplicity-and-comfort.html]
[snook.ca/archives/personal/movement.html]
[snook.ca/archives/other/just-one-cable.html]
[snook.ca/archives/snooks_book_nook/review-patterns-and-principles.html]
[snook.ca/archives/other/not-good-enough.html]
[snook.ca/archives/opinion/overnight-success.html]
[snook.ca/archives/personal/what-does-success-look-like.html]
[snook.ca/archives/personal/second-midlife-crisis.html]
[snook.ca/archives/design/truncation.html]
[snook.ca/archives/opinion/just-right-for-me.html]
[snook.ca/archives/writing/just-write-for-me.html]
[snook.ca/archives/html_and_css/icons-and-type.html]
[snook.ca/archives/review/moto360-pebble.html]
[snook.ca/archives/html_and_css/windows-subs-helvetica-arial.html]
[snook.ca/archives/other/ten-years-in-contrast.html]
[snook.ca/archives/other/my-custom-video-setup.html]
[snook.ca/archives/opinion/design-engineering.html]
[snook.ca/archives/html_and_css/specificity-graphs.html]
[snook.ca/archives/html_and_css/code-from-crust-to-core.html]
[snook.ca/archives/pm/cleaning-the-cruft.html]
[snook.ca/archives/pm/unmanaged.html]
[snook.ca/archives/pm/consistency.html]
[snook.ca/archives/html_and_css/rethinking-the-grid.html]
[snook.ca/archives/snooks_book_nook/book-review-making-it-right.html]
[snook.ca/archives/pm/saying-no.html]
[snook.ca/archives/pm/the-feature-guy.html]
[snook.ca/archives/pm/what-kind-of-product-manager.html]
[snook.ca/archives/pm/pm_learnings.html]
[snook.ca/archives/pm/pm-what-is-a-pm.html]
[snook.ca/archives/pm/pm-so-here-we-are.html]
[snook.ca/archives/javascript/more-simple-slideshow.html]
[snook.ca/archives/html_and_css/floated-label-pattern-css.html]
[snook.ca/archives/snooks_book_nook/book-review-content-everywhere.html]
[snook.ca/archives/personal/career-in-transition.html]
[snook.ca/archives/writing/selling-ebook-on-amazon.html]
[snook.ca/archives/html_and_css/previous-parent.html]
[snook.ca/archives/html_and_css/one-module-or-two.html]
[snook.ca/archives/html_and_css/handling-overflow.html]
[snook.ca/archives/business/payment-gateways.html]
[snook.ca/archives/conferences/smashingly-smacked.html]
[snook.ca/archives/conferences/dconstructed.html]
[snook.ca/archives/other/helping-hand.html]
[snook.ca/archives/html_and_css/project-detritus.html]
[snook.ca/archives/browsers/coffeeconsole.html]
[snook.ca/archives/html_and_css/definition-lists-v-tables.html]
[snook.ca/archives/javascript/going-simple-with-javascript.html]
[snook.ca/archives/html_and_css/prefixed-classes-bootstrap.html]
[snook.ca/archives/writing/ebook-notes.html]
[snook.ca/archives/html_and_css/naming-convention-in-css.html]
[snook.ca/archives/javascript/preparetransition-jquery-plugin.html]
[snook.ca/archives/personal/reflective.html]
[snook.ca/archives/writing/smacss-stats-and-gender.html]
[snook.ca/archives/design/meet-jack-the-lumberjack.html]
[snook.ca/archives/personal/of-bits-and-butterfly-effects.html]
[snook.ca/archives/conferences/fake-it.html]
[snook.ca/archives/personal/unsure.html]
[snook.ca/archives/conferences/css-takes-over-the-world.html]
[snook.ca/archives/html_and_css/css-architecture.html]
[snook.ca/archives/html_and_css/yellow-fade-technique-css-animations.html]
[snook.ca/archives/html_and_css/vm-vh-units.html]
[snook.ca/archives/html_and_css/ie8-bug-max-width-overflow.html]
[snook.ca/archives/html_and_css/css3-animation-proposal.html]
[snook.ca/archives/html_and_css/font-size-with-rem.html]
[snook.ca/archives/html_and_css/absolute-position-textarea.html]
[snook.ca/archives/accessibility_and_usability/keyboard-accessibility-for-web-apps.html]
[snook.ca/archives/conferences/web-design-master-class.html]
[snook.ca/archives/snooks_book_nook/elements-of-content-strategy.html]
[snook.ca/archives/html_and_css/hiding-content-for-accessibility.html]
[snook.ca/archives/other/word-of-vim.html]
[snook.ca/archives/opinion/assumptive-development.html]
[snook.ca/archives/opinion/amazon-ses-launches.html]
[snook.ca/archives/other/vmware-fusion-snapshots.html]
[snook.ca/archives/html_and_css/fieldset-nested-list-item-bug.html]
[snook.ca/archives/snooks_book_nook/css3-for-web-designers.html]
[snook.ca/archives/other/following-you.html]
[snook.ca/archives/html_and_css/css-parent-selectors.html]
[snook.ca/archives/review/ipad-bluetooth-keyboard.html]
[snook.ca/archives/conferences/just-try-and-shut-me-up.html]
[snook.ca/archives/html_and_css/css-display-resets-scroll.html]
[snook.ca/archives/javascript/handling-active-state.html]
[snook.ca/archives/opinion/filling-in-the-gaps.html]
[snook.ca/archives/html_and_css/vendor-prefixes-competing.html]
[snook.ca/archives/html_and_css/font-face-in-chrome.html]
[snook.ca/archives/other/finishing-an-email.html]
[snook.ca/archives/other/hundred-pushups.html]
[snook.ca/archives/html_and_css/html5-forms-are-coming.html]
[snook.ca/archives/html_and_css/not-supported.html]
[snook.ca/archives/conferences/mix10-the-type-we-want.html]
[snook.ca/archives/html_and_css/background-position-x-y.html]
[snook.ca/archives/review/logo-design-love.html]
[snook.ca/archives/html_and_css/multiple-bg-css-gradients.html]
[snook.ca/archives/html_and_css/safari-transparent-borders.html]
[snook.ca/archives/personal/onward.html]
[snook.ca/archives/personal/failure.html]
[snook.ca/archives/javascript/simplest-jquery-slideshow.html]
[snook.ca/archives/review/bookarc.html]
[snook.ca/archives/review/fancy-form-design.html]
[snook.ca/archives/javascript/creative-use-bitwise-operators.html]
[snook.ca/archives/review/mobify.html]
[snook.ca/archives/personal/hooligan.html]
[snook.ca/archives/review/review-html-css-web-standards-solutions.html]
[snook.ca/archives/browsers/firefox-greader.html]
[snook.ca/archives/html_and_css/becoming-a-font-embedding-master.html]
[snook.ca/archives/html_and_css/screencast-converting-ttf2eot.html]
[snook.ca/archives/screencast/screencast-converting-ttf2eot.html]
[snook.ca/archives/design/minimal.html]
[snook.ca/archives/personal/less-of-me.html]
[snook.ca/archives/html_and_css/css-text-rotation.html]
[snook.ca/archives/adobe_air/html-flash-air.html]
[snook.ca/archives/opinion/adobe-html5-canvas.html]
[snook.ca/archives/design/snitter-icon-design.html]
[snook.ca/archives/browsers/elephant-in-the-room.html]
[snook.ca/archives/html_and_css/ie-position-fixed-opacity-filter.html]
[snook.ca/archives/html_and_css/shifting-opinion-css-animations.html]
[snook.ca/archives/javascript/multi-line-javascript.html]
[snook.ca/archives/javascript/no-love-for-module-pattern.html]
[snook.ca/archives/business/death-of-an-ad-network.html]
[snook.ca/archives/php/url-shortener.html]
[snook.ca/archives/opinion/supporting-old-browsers.html]
[snook.ca/archives/other/screencast-webkit-in-titanium.html]
[snook.ca/archives/screencast/screencast-webkit-in-titanium.html]
[snook.ca/archives/javascript/streamliner.html]
[snook.ca/archives/html_and_css/titanium.html]
[snook.ca/archives/opinion/twitter-autofollow.html]
[snook.ca/archives/other/colour-contrast-updated.html]
[snook.ca/archives/personal/being-square.html]
[snook.ca/archives/html_and_css/matrix-layouts.html]
[snook.ca/archives/javascript/yahoo-pipes-xml-json.html]
[snook.ca/archives/screencast/firebug-breakpoints.html]
[snook.ca/archives/javascript/firebug-breakpoints.html]
[snook.ca/archives/javascript/embed-twitter-status.html]
[snook.ca/archives/other/book-blog-blazers.html]
[snook.ca/archives/review/review-things-app.html]
[snook.ca/archives/design/screencast-fireworks-light-in-design.html]
[snook.ca/archives/screencast/screencast-fireworks-light-in-design.html]
[snook.ca/archives/design/blick-blocky-retro.html]
[snook.ca/archives/other/pardon-me.html]
[snook.ca/archives/personal/reflections.html]
[snook.ca/archives/design/slicing-photoshop-fireworks.html]
[snook.ca/archives/other/mail-vs-entourage.html]
[snook.ca/archives/html_and_css/ie6-alpha-pngs-vml.html]
[snook.ca/archives/html_and_css/ie-rounded.html]
[snook.ca/archives/business/sidebarads-expands.html]
[snook.ca/archives/review/charles-http-monitoring.html]
[snook.ca/archives/review/navicat-mac.html]
[snook.ca/archives/other/new-macbook-pro.html]
[snook.ca/archives/javascript/jquery-plugin-switcheroo.html]
[snook.ca/archives/conferences/sidebar-workshops.html]
[snook.ca/archives/javascript/jquery-bg-image-animations.html]
[snook.ca/archives/snooks_book_nook/review-cakephp-app-development.html]
[snook.ca/archives/html_and_css/tiling-background-ie.html]
[snook.ca/archives/opinion/web-dev-personal-projects.html]
[snook.ca/archives/opinion/shelf-life.html]
[snook.ca/archives/snooks_book_nook/practical_prototype_scriptaculous.html]
[snook.ca/archives/opinion/broken_promises.html]
[snook.ca/archives/review/w3_markup.html]
[snook.ca/archives/html_and_css/rounded_corners_experiment_ie.html]
[snook.ca/archives/opinion/dont_bring_me_down.html]
[snook.ca/archives/cakephp/multiple_validatable_behavior.html]
[snook.ca/archives/cakephp/contact_form_cakephp.html]
[snook.ca/archives/cakephp/multiple_validation_sets_cakephp.html]
[snook.ca/archives/cakephp/debug_styles.html]
[snook.ca/archives/cakephp/easier_static_pages_2.html]
[snook.ca/archives/opinion/twitter_survival.html]
[snook.ca/archives/opinion/hecklers.html]
[snook.ca/archives/conferences/atmedia08-wrapup.html]
[snook.ca/archives/cakephp/snogs.html]
[snook.ca/archives/business/sidebarads.html]
[snook.ca/archives/adobe_air/snape_basic.html]
[snook.ca/archives/business/socializing_freelancer.html]
[snook.ca/archives/business/freelance_devs_equals_poor_software.html]
[snook.ca/archives/other/pm_email.html]
[snook.ca/archives/html_and_css/no_css_reset.html]
[snook.ca/archives/adobe_air/adobe_air_resources_ajax.html]
[snook.ca/archives/javascript/typos_javascript.html]
[snook.ca/archives/php/header_called_once.html]
[snook.ca/archives/business/sidebar_creative_state.html]
[snook.ca/archives/snooks_book_nook/building_findable_websites.html]
[snook.ca/archives/html_and_css/content_overlay_css.html]
[snook.ca/archives/business/review_psd2html.html]
[snook.ca/archives/other/maintain_personal_brand.html]
[snook.ca/archives/conferences/live_chat_1.html]
[snook.ca/archives/adobe_air/snoto_photo.html]
[snook.ca/archives/adobe_air/snitter_air1.html]
[snook.ca/archives/javascript/settimeout_solve_domcontentloaded.html]
[snook.ca/archives/other/commandshift3.html]
[snook.ca/archives/other/effective_blog_comment_spam_blocker.html]
[snook.ca/archives/cakephp/static_pages_cakephp12.html]
[snook.ca/archives/conferences/wdn08_working_with_ajax_frameworks.html]
[snook.ca/archives/conferences/wdn08_recap.html]
[snook.ca/archives/servers/password_protect_admin.html]
[snook.ca/archives/snooks_book_nook/review_pro_html_css_design_patterns.html]
[snook.ca/archives/javascript/jquery_plugin.html]
[snook.ca/archives/browsers/importance_of_being_html5.html]
[snook.ca/archives/browsers/version_targeting_ie8.html]
[snook.ca/archives/writing/contributing_insideria.html]
[snook.ca/archives/javascript/xmlhttprequest_activex_ie.html]
[snook.ca/archives/other/gridiron_flow.html]
[snook.ca/archives/conferences/refresh_ottawa_finally.html]
[snook.ca/archives/personal/evaluating_2007.html]
[snook.ca/archives/personal/merry_christmas_2008.html]
[snook.ca/archives/browsers/ie8_expectations.html]
[snook.ca/archives/writing/24ways_adobe_air.html]
[snook.ca/archives/conferences/mixnmash2007.html]
[snook.ca/archives/conferences/wdn08_in_two_months.html]
[snook.ca/archives/opinion/web20_jumped_shark.html]
[snook.ca/archives/accessibility_and_usability/what_does_accessibility_mean.html]
[snook.ca/archives/design/design_inspiration.html]
[snook.ca/archives/other/next_date_excel.html]
[snook.ca/archives/adobe_air/international_keyboard_adobe_air_beta2.html]
[snook.ca/archives/javascript/css_animations_in_safari.html]
[snook.ca/archives/opinion/joy_of_application_development.html]
[snook.ca/archives/adobe_air/snitter_air_beta2.html]
[snook.ca/archives/conferences/speaking_at_fowd.html]
[snook.ca/archives/javascript/questions_ads.html]
[snook.ca/archives/javascript/accelerated_dom_scripting.html]
[snook.ca/archives/conferences/recap_wjs2007.html]
[snook.ca/archives/javascript/offsets_scrolling_overflow.html]
[snook.ca/archives/opinion/advocacy_losing_edge.html]
[snook.ca/archives/adobe_air/adobe_air_and_html.html]
[snook.ca/archives/adobe_air/snitter_alpha.html]
[snook.ca/archives/personal/snook_plus_one.html]
[snook.ca/archives/html_and_css/six_keys_to_understanding_css_layouts.html]
[snook.ca/archives/html_and_css/creating_page_break.html]
[snook.ca/archives/other/summer_update.html]
[snook.ca/archives/snooks_book_nook/review_web_development_solutions.html]
[snook.ca/archives/quick_links/quick_link_three_interviews.html]
[snook.ca/archives/php/zend_framework_first_impressions.html]
[snook.ca/archives/html_and_css/understanding_pseudo_elements.html]
[snook.ca/archives/other/track_comments_with_co_mments.html]
[snook.ca/archives/quick_links/google_feedburner_pro_free.html]
[snook.ca/archives/quick_links/quick_link_zend_framework_1_0.html]
[snook.ca/archives/quick_links/quick_link_math_object_short_scripts.html]
[snook.ca/archives/quick_links/quick_link_focus_clouds.html]
[snook.ca/archives/cakephp/elemental_conditional_content_with_cakephp.html]
[snook.ca/archives/quick_links/quick_link_google_universal_search.html]
[snook.ca/archives/quick_links/quick_link_ie6_memory_leaks_fixed.html]
[snook.ca/archives/quick_links/quick_link_pagination_101.html]
[snook.ca/archives/conferences/wjs2007.html]
[snook.ca/archives/javascript/private_javascript.html]
[snook.ca/archives/quick_links/quick_link_incremental_leading.html]
[snook.ca/archives/javascript/ie6_fires_onresize.html]
[snook.ca/archives/html_and_css/unicode_for_css_class_names.html]
[snook.ca/archives/browsers/why_safari_for_windows.html]
[snook.ca/archives/quick_links/quick_link_spiekermann_interview.html]
[snook.ca/archives/snooksurvey/to_link_or_not.html]
[snook.ca/archives/snooksurvey/element_attributes_recap.html]
[snook.ca/archives/content_management_systems/mt_4_beta_closerlook.html]
[snook.ca/archives/quick_links/mt_4_beta_released.html]
[snook.ca/archives/javascript/toggler_v01.html]
[snook.ca/archives/javascript/firebug_profiling_bug.html]
[snook.ca/archives/other/untapped_power_of_galleries.html]
[snook.ca/archives/personal/why_i_left_9rules.html]
[snook.ca/archives/opinion/telling_your_side.html]
[snook.ca/archives/snooksurvey/element_attributes_in_javascript.html]
[snook.ca/archives/conferences/want_to_be_a_speaker.html]
[snook.ca/archives/quick_links/quick_link_anonymous_functions.html]
[snook.ca/archives/design/v8_supercharger.html]
[snook.ca/archives/business/running_own_advertising.html]
[snook.ca/archives/javascript/managing_style_and_state.html]
[snook.ca/archives/business/tracking_project_profit.html]
[snook.ca/archives/servers/hosted_subversion.html]
